{"level":"info","message":"Connected to SQLite database at C:\\Users\\Zakar\\Desktop\\SNMP\\SNMP V0\\backend\\data\\snmp_data.db","service":"snmp-dashboard","timestamp":"2025-08-09T11:12:51.648Z"}
{"level":"info","message":"Database initialized successfully","service":"snmp-dashboard","timestamp":"2025-08-09T11:12:51.712Z"}
{"level":"info","message":"Starting SNMP Collector","service":"snmp-dashboard","timestamp":"2025-08-09T11:12:51.713Z"}
{"level":"info","message":"SNMP collector started","service":"snmp-dashboard","timestamp":"2025-08-09T11:12:51.730Z"}
{"level":"info","message":"Server running on port 1999","service":"snmp-dashboard","timestamp":"2025-08-09T11:12:51.742Z"}
{"level":"info","message":"Environment: development","service":"snmp-dashboard","timestamp":"2025-08-09T11:12:51.744Z"}
{"level":"info","message":"Received SIGINT, shutting down gracefully","service":"snmp-dashboard","timestamp":"2025-08-09T11:14:21.977Z"}
{"level":"info","message":"Connected to SQLite database at C:\\Users\\Zakar\\Desktop\\SNMP\\SNMP V0\\backend\\data\\snmp_data.db","service":"snmp-dashboard","timestamp":"2025-08-09T11:14:26.309Z"}
{"level":"info","message":"Database initialized successfully","service":"snmp-dashboard","timestamp":"2025-08-09T11:14:26.320Z"}
{"level":"info","message":"Starting SNMP Collector","service":"snmp-dashboard","timestamp":"2025-08-09T11:14:26.320Z"}
{"level":"info","message":"SNMP collector started","service":"snmp-dashboard","timestamp":"2025-08-09T11:14:26.325Z"}
{"level":"info","message":"Server running on port 1999","service":"snmp-dashboard","timestamp":"2025-08-09T11:14:26.328Z"}
{"level":"info","message":"Environment: development","service":"snmp-dashboard","timestamp":"2025-08-09T11:14:26.329Z"}
{"level":"info","message":"GET /api/devices - ::1","service":"snmp-dashboard","timestamp":"2025-08-09T11:24:17.617Z"}
{"level":"info","message":"GET /api/devices - ::1","service":"snmp-dashboard","timestamp":"2025-08-09T11:24:17.674Z"}
{"level":"info","message":"GET /api/devices - ::1","service":"snmp-dashboard","timestamp":"2025-08-09T11:24:20.981Z"}
{"level":"info","message":"GET /api/devices - ::1","service":"snmp-dashboard","timestamp":"2025-08-09T11:24:20.987Z"}
{"level":"info","message":"GET /api/devices - ::1","service":"snmp-dashboard","timestamp":"2025-08-09T11:24:22.644Z"}
{"level":"info","message":"GET /api/devices - ::1","service":"snmp-dashboard","timestamp":"2025-08-09T11:24:22.648Z"}
{"level":"info","message":"GET /api/devices - ::1","service":"snmp-dashboard","timestamp":"2025-08-09T11:24:25.637Z"}
{"level":"info","message":"GET /api/devices - ::1","service":"snmp-dashboard","timestamp":"2025-08-09T11:24:25.642Z"}
{"level":"info","message":"POST /api/devices - ::1","service":"snmp-dashboard","timestamp":"2025-08-09T11:24:50.552Z"}
{"level":"info","message":"Added new device: 192.168.191.100","service":"snmp-dashboard","timestamp":"2025-08-09T11:24:50.565Z"}
{"level":"info","message":"GET /api/devices - ::1","service":"snmp-dashboard","timestamp":"2025-08-09T11:24:50.574Z"}
{"level":"info","message":"GET /api/devices - ::1","service":"snmp-dashboard","timestamp":"2025-08-09T11:24:56.038Z"}
{"level":"info","message":"GET /api/devices - ::1","service":"snmp-dashboard","timestamp":"2025-08-09T11:24:56.043Z"}
{"level":"info","message":"GET /api/devices/1/current - ::1","service":"snmp-dashboard","timestamp":"2025-08-09T11:24:56.055Z"}
{"level":"info","message":"GET /api/devices/1/current - ::1","service":"snmp-dashboard","timestamp":"2025-08-09T11:24:56.071Z"}
{"level":"info","message":"GET /api/devices/1/history - ::1","service":"snmp-dashboard","timestamp":"2025-08-09T11:24:56.115Z"}
{"level":"info","message":"GET /api/devices/1/history - ::1","service":"snmp-dashboard","timestamp":"2025-08-09T11:24:56.121Z"}
{"level":"info","message":"GET /api/devices/1/history - ::1","service":"snmp-dashboard","timestamp":"2025-08-09T11:25:05.369Z"}
{"level":"info","message":"GET /api/devices/1/history - ::1","service":"snmp-dashboard","timestamp":"2025-08-09T11:25:06.391Z"}
{"level":"info","message":"GET /api/devices/1/current - ::1","service":"snmp-dashboard","timestamp":"2025-08-09T11:25:08.966Z"}
{"level":"info","message":"GET /api/devices/1/current - ::1","service":"snmp-dashboard","timestamp":"2025-08-09T11:25:26.076Z"}
{"level":"info","message":"GET /api/devices - ::1","service":"snmp-dashboard","timestamp":"2025-08-09T11:25:28.875Z"}
{"level":"info","message":"GET /api/devices - ::1","service":"snmp-dashboard","timestamp":"2025-08-09T11:25:28.879Z"}
{"level":"info","message":"GET /api/devices/1/history - ::1","service":"snmp-dashboard","timestamp":"2025-08-09T11:25:28.890Z"}
{"level":"info","message":"GET /api/devices/1/history - ::1","service":"snmp-dashboard","timestamp":"2025-08-09T11:25:28.900Z"}
{"level":"info","message":"GET /api/devices - ::1","service":"snmp-dashboard","timestamp":"2025-08-09T11:25:29.881Z"}
{"level":"info","message":"GET /api/devices - ::1","service":"snmp-dashboard","timestamp":"2025-08-09T11:25:29.884Z"}
{"level":"info","message":"GET /api/devices - ::1","service":"snmp-dashboard","timestamp":"2025-08-09T11:25:31.482Z"}
{"level":"info","message":"GET /api/devices - ::1","service":"snmp-dashboard","timestamp":"2025-08-09T11:25:31.486Z"}
{"level":"info","message":"GET /api/devices/1/current - ::1","service":"snmp-dashboard","timestamp":"2025-08-09T11:25:31.494Z"}
{"level":"info","message":"GET /api/devices/1/current - ::1","service":"snmp-dashboard","timestamp":"2025-08-09T11:25:31.499Z"}
{"level":"info","message":"GET /api/devices/1/history - ::1","service":"snmp-dashboard","timestamp":"2025-08-09T11:25:31.517Z"}
{"level":"info","message":"GET /api/devices/1/history - ::1","service":"snmp-dashboard","timestamp":"2025-08-09T11:25:31.520Z"}
{"level":"info","message":"GET /api/devices/1/current - ::1","service":"snmp-dashboard","timestamp":"2025-08-09T11:26:01.516Z"}
{"level":"info","message":"GET /api/devices - ::1","service":"snmp-dashboard","timestamp":"2025-08-09T11:26:21.210Z"}
{"level":"info","message":"GET /api/devices - ::1","service":"snmp-dashboard","timestamp":"2025-08-09T11:26:21.214Z"}
{"level":"info","message":"GET /api/devices/1/current - ::1","service":"snmp-dashboard","timestamp":"2025-08-09T11:26:21.247Z"}
{"level":"info","message":"GET /api/devices/1/current - ::1","service":"snmp-dashboard","timestamp":"2025-08-09T11:26:21.253Z"}
{"level":"info","message":"GET /api/devices/1/history - ::1","service":"snmp-dashboard","timestamp":"2025-08-09T11:26:21.272Z"}
{"level":"info","message":"GET /api/devices/1/history - ::1","service":"snmp-dashboard","timestamp":"2025-08-09T11:26:21.276Z"}
{"level":"info","message":"GET /favicon.ico - ::1","service":"snmp-dashboard","timestamp":"2025-08-09T11:26:21.586Z"}
{"level":"info","message":"GET /api/devices/1/current - ::1","service":"snmp-dashboard","timestamp":"2025-08-09T11:26:51.255Z"}
{"level":"info","message":"GET /api/devices/1/current - ::1","service":"snmp-dashboard","timestamp":"2025-08-09T11:27:22.148Z"}
{"level":"info","message":"GET /api/devices - ::1","service":"snmp-dashboard","timestamp":"2025-08-09T11:27:31.381Z"}
{"level":"info","message":"GET /api/devices - ::1","service":"snmp-dashboard","timestamp":"2025-08-09T11:27:31.389Z"}
{"level":"info","message":"GET /api/devices/1/history - ::1","service":"snmp-dashboard","timestamp":"2025-08-09T11:27:31.393Z"}
{"level":"info","message":"GET /api/devices/1/history - ::1","service":"snmp-dashboard","timestamp":"2025-08-09T11:27:31.400Z"}
{"level":"info","message":"GET /api/devices - ::1","service":"snmp-dashboard","timestamp":"2025-08-09T11:27:34.834Z"}
{"level":"info","message":"GET /api/devices - ::1","service":"snmp-dashboard","timestamp":"2025-08-09T11:27:34.836Z"}
{"level":"info","message":"GET /api/devices/1/current - ::1","service":"snmp-dashboard","timestamp":"2025-08-09T11:27:34.843Z"}
{"level":"info","message":"GET /api/devices/1/current - ::1","service":"snmp-dashboard","timestamp":"2025-08-09T11:27:34.847Z"}
{"level":"info","message":"GET /api/devices/1/history - ::1","service":"snmp-dashboard","timestamp":"2025-08-09T11:27:34.867Z"}
{"level":"info","message":"GET /api/devices/1/history - ::1","service":"snmp-dashboard","timestamp":"2025-08-09T11:27:34.870Z"}
{"level":"info","message":"GET /api/devices - ::1","service":"snmp-dashboard","timestamp":"2025-08-09T11:27:37.443Z"}
{"level":"info","message":"GET /api/devices - ::1","service":"snmp-dashboard","timestamp":"2025-08-09T11:27:37.446Z"}
{"level":"info","message":"DELETE /api/devices/1 - ::1","service":"snmp-dashboard","timestamp":"2025-08-09T11:27:40.668Z"}
{"level":"info","message":"Deleted device: 192.168.191.100","service":"snmp-dashboard","timestamp":"2025-08-09T11:27:40.677Z"}
{"level":"info","message":"GET /api/devices - ::1","service":"snmp-dashboard","timestamp":"2025-08-09T11:27:40.688Z"}
{"level":"info","message":"GET /api/devices - ::1","service":"snmp-dashboard","timestamp":"2025-08-09T11:28:09.272Z"}
{"level":"info","message":"GET /api/devices - ::1","service":"snmp-dashboard","timestamp":"2025-08-09T11:28:09.275Z"}
{"level":"info","message":"GET /api/devices - ::1","service":"snmp-dashboard","timestamp":"2025-08-09T11:28:10.960Z"}
{"level":"info","message":"GET /api/devices - ::1","service":"snmp-dashboard","timestamp":"2025-08-09T11:28:10.964Z"}
{"level":"info","message":"GET /api/devices - ::1","service":"snmp-dashboard","timestamp":"2025-08-09T11:28:11.641Z"}
{"level":"info","message":"GET /api/devices - ::1","service":"snmp-dashboard","timestamp":"2025-08-09T11:28:11.644Z"}
{"level":"info","message":"GET /api/devices - ::1","service":"snmp-dashboard","timestamp":"2025-08-09T11:28:12.330Z"}
{"level":"info","message":"GET /api/devices - ::1","service":"snmp-dashboard","timestamp":"2025-08-09T11:28:12.334Z"}
{"level":"info","message":"GET /api/devices - ::1","service":"snmp-dashboard","timestamp":"2025-08-09T11:28:13.524Z"}
{"level":"info","message":"GET /api/devices - ::1","service":"snmp-dashboard","timestamp":"2025-08-09T11:28:13.527Z"}
{"level":"info","message":"POST /api/devices - ::1","service":"snmp-dashboard","timestamp":"2025-08-09T11:30:05.225Z"}
{"level":"info","message":"Added new device: 192.168.191.100","service":"snmp-dashboard","timestamp":"2025-08-09T11:30:05.232Z"}
{"level":"info","message":"GET /api/devices - ::1","service":"snmp-dashboard","timestamp":"2025-08-09T11:30:05.239Z"}
{"level":"info","message":"GET /api/devices - ::1","service":"snmp-dashboard","timestamp":"2025-08-09T11:30:07.457Z"}
{"level":"info","message":"GET /api/devices - ::1","service":"snmp-dashboard","timestamp":"2025-08-09T11:30:07.460Z"}
{"level":"info","message":"GET /api/devices/2/current - ::1","service":"snmp-dashboard","timestamp":"2025-08-09T11:30:07.468Z"}
{"level":"info","message":"GET /api/devices/2/current - ::1","service":"snmp-dashboard","timestamp":"2025-08-09T11:30:07.485Z"}
{"level":"info","message":"GET /api/devices/2/history - ::1","service":"snmp-dashboard","timestamp":"2025-08-09T11:30:07.494Z"}
{"level":"info","message":"GET /api/devices/2/history - ::1","service":"snmp-dashboard","timestamp":"2025-08-09T11:30:07.501Z"}
{"level":"info","message":"GET /api/devices - ::1","service":"snmp-dashboard","timestamp":"2025-08-09T11:30:11.370Z"}
{"level":"info","message":"GET /api/devices - ::1","service":"snmp-dashboard","timestamp":"2025-08-09T11:30:11.373Z"}
{"level":"info","message":"GET /api/devices/2/history - ::1","service":"snmp-dashboard","timestamp":"2025-08-09T11:30:11.383Z"}
{"level":"info","message":"GET /api/devices/2/history - ::1","service":"snmp-dashboard","timestamp":"2025-08-09T11:30:11.405Z"}
{"level":"info","message":"GET /api/devices - ::1","service":"snmp-dashboard","timestamp":"2025-08-09T11:30:12.759Z"}
{"level":"info","message":"GET /api/devices - ::1","service":"snmp-dashboard","timestamp":"2025-08-09T11:30:12.763Z"}
{"level":"info","message":"GET /api/devices/2/current - ::1","service":"snmp-dashboard","timestamp":"2025-08-09T11:30:12.772Z"}
{"level":"info","message":"GET /api/devices/2/current - ::1","service":"snmp-dashboard","timestamp":"2025-08-09T11:30:12.788Z"}
{"level":"info","message":"GET /api/devices/2/history - ::1","service":"snmp-dashboard","timestamp":"2025-08-09T11:30:12.800Z"}
{"level":"info","message":"GET /api/devices/2/history - ::1","service":"snmp-dashboard","timestamp":"2025-08-09T11:30:12.804Z"}
{"level":"info","message":"GET /api/devices - ::1","service":"snmp-dashboard","timestamp":"2025-08-09T11:30:33.474Z"}
{"level":"info","message":"GET /api/devices - ::1","service":"snmp-dashboard","timestamp":"2025-08-09T11:30:33.476Z"}
{"level":"info","message":"GET /api/devices/2/history - ::1","service":"snmp-dashboard","timestamp":"2025-08-09T11:30:33.495Z"}
{"level":"info","message":"GET /api/devices/2/history - ::1","service":"snmp-dashboard","timestamp":"2025-08-09T11:30:33.501Z"}
{"level":"info","message":"GET /api/devices - ::1","service":"snmp-dashboard","timestamp":"2025-08-09T11:30:34.151Z"}
{"level":"info","message":"GET /api/devices - ::1","service":"snmp-dashboard","timestamp":"2025-08-09T11:30:34.154Z"}
{"level":"info","message":"GET /api/devices/2/current - ::1","service":"snmp-dashboard","timestamp":"2025-08-09T11:30:34.173Z"}
{"level":"info","message":"GET /api/devices/2/current - ::1","service":"snmp-dashboard","timestamp":"2025-08-09T11:30:34.177Z"}
{"level":"info","message":"GET /api/devices/2/history - ::1","service":"snmp-dashboard","timestamp":"2025-08-09T11:30:34.188Z"}
{"level":"info","message":"GET /api/devices/2/history - ::1","service":"snmp-dashboard","timestamp":"2025-08-09T11:30:34.190Z"}
{"level":"info","message":"GET /api/devices - ::1","service":"snmp-dashboard","timestamp":"2025-08-09T11:30:34.664Z"}
{"level":"info","message":"GET /api/devices - ::1","service":"snmp-dashboard","timestamp":"2025-08-09T11:30:34.667Z"}
{"level":"info","message":"GET /api/devices/2/history - ::1","service":"snmp-dashboard","timestamp":"2025-08-09T11:30:34.681Z"}
{"level":"info","message":"GET /api/devices/2/history - ::1","service":"snmp-dashboard","timestamp":"2025-08-09T11:30:34.714Z"}
{"level":"info","message":"GET /api/devices - ::1","service":"snmp-dashboard","timestamp":"2025-08-09T11:30:35.213Z"}
{"level":"info","message":"GET /api/devices - ::1","service":"snmp-dashboard","timestamp":"2025-08-09T11:30:35.216Z"}
{"level":"info","message":"GET /api/devices/2/current - ::1","service":"snmp-dashboard","timestamp":"2025-08-09T11:30:35.243Z"}
{"level":"info","message":"GET /api/devices/2/current - ::1","service":"snmp-dashboard","timestamp":"2025-08-09T11:30:35.250Z"}
{"level":"info","message":"GET /api/devices/2/history - ::1","service":"snmp-dashboard","timestamp":"2025-08-09T11:30:35.270Z"}
{"level":"info","message":"GET /api/devices/2/history - ::1","service":"snmp-dashboard","timestamp":"2025-08-09T11:30:35.276Z"}
{"level":"info","message":"GET /api/devices/2/current - ::1","service":"snmp-dashboard","timestamp":"2025-08-09T11:31:06.148Z"}
{"level":"info","message":"GET /api/devices/2/current - ::1","service":"snmp-dashboard","timestamp":"2025-08-09T11:31:36.157Z"}
{"level":"info","message":"GET /api/devices/2/current - ::1","service":"snmp-dashboard","timestamp":"2025-08-09T11:32:06.137Z"}
{"level":"info","message":"GET /api/devices/2/current - ::1","service":"snmp-dashboard","timestamp":"2025-08-09T11:32:35.255Z"}
{"level":"info","message":"GET /api/devices/2/current - ::1","service":"snmp-dashboard","timestamp":"2025-08-09T11:33:05.260Z"}
{"level":"info","message":"GET /api/devices/2/current - ::1","service":"snmp-dashboard","timestamp":"2025-08-09T11:33:23.265Z"}
{"level":"info","message":"GET /api/devices/2/current - ::1","service":"snmp-dashboard","timestamp":"2025-08-09T11:33:25.203Z"}
{"level":"info","message":"GET /api/devices/2/current - ::1","service":"snmp-dashboard","timestamp":"2025-08-09T11:33:35.250Z"}
{"level":"info","message":"GET /api/devices - ::1","service":"snmp-dashboard","timestamp":"2025-08-09T11:33:43.864Z"}
{"level":"info","message":"GET /api/devices - ::1","service":"snmp-dashboard","timestamp":"2025-08-09T11:33:43.867Z"}
{"level":"info","message":"GET /api/devices/2/history - ::1","service":"snmp-dashboard","timestamp":"2025-08-09T11:33:43.881Z"}
{"level":"info","message":"GET /api/devices/2/history - ::1","service":"snmp-dashboard","timestamp":"2025-08-09T11:33:43.889Z"}
{"level":"info","message":"GET /api/devices/2/history - ::1","service":"snmp-dashboard","timestamp":"2025-08-09T11:33:50.974Z"}
{"level":"info","message":"GET /api/devices/2/history - ::1","service":"snmp-dashboard","timestamp":"2025-08-09T11:33:52.621Z"}
{"level":"info","message":"GET /api/devices/2/history - ::1","service":"snmp-dashboard","timestamp":"2025-08-09T11:33:55.240Z"}
{"level":"info","message":"GET /api/devices/2/history - ::1","service":"snmp-dashboard","timestamp":"2025-08-09T11:33:56.533Z"}
{"level":"info","message":"GET /api/devices/2/history - ::1","service":"snmp-dashboard","timestamp":"2025-08-09T11:33:57.554Z"}
{"level":"info","message":"GET /api/devices - ::1","service":"snmp-dashboard","timestamp":"2025-08-09T11:34:05.960Z"}
{"level":"info","message":"GET /api/devices - ::1","service":"snmp-dashboard","timestamp":"2025-08-09T11:34:05.963Z"}
{"level":"info","message":"GET /api/devices/2/current - ::1","service":"snmp-dashboard","timestamp":"2025-08-09T11:34:05.975Z"}
{"level":"info","message":"GET /api/devices/2/current - ::1","service":"snmp-dashboard","timestamp":"2025-08-09T11:34:05.988Z"}
{"level":"info","message":"GET /api/devices/2/history - ::1","service":"snmp-dashboard","timestamp":"2025-08-09T11:34:06.076Z"}
{"level":"info","message":"GET /api/devices/2/history - ::1","service":"snmp-dashboard","timestamp":"2025-08-09T11:34:06.088Z"}
{"level":"info","message":"GET /api/devices/2/current - ::1","service":"snmp-dashboard","timestamp":"2025-08-09T11:34:27.100Z"}
{"level":"info","message":"GET /api/devices/2/current - ::1","service":"snmp-dashboard","timestamp":"2025-08-09T11:34:35.981Z"}
{"level":"info","message":"GET /api/devices/2/current - ::1","service":"snmp-dashboard","timestamp":"2025-08-09T11:35:05.992Z"}
{"level":"info","message":"GET /api/devices - ::1","service":"snmp-dashboard","timestamp":"2025-08-09T11:35:33.981Z"}
{"level":"info","message":"GET /api/devices - ::1","service":"snmp-dashboard","timestamp":"2025-08-09T11:35:33.985Z"}
{"level":"info","message":"GET /api/devices/2/history - ::1","service":"snmp-dashboard","timestamp":"2025-08-09T11:35:34.000Z"}
{"level":"info","message":"GET /api/devices/2/history - ::1","service":"snmp-dashboard","timestamp":"2025-08-09T11:35:34.018Z"}
{"level":"info","message":"GET /api/devices - ::1","service":"snmp-dashboard","timestamp":"2025-08-09T11:35:52.229Z"}
{"level":"info","message":"GET /api/devices - ::1","service":"snmp-dashboard","timestamp":"2025-08-09T11:35:52.239Z"}
{"level":"info","message":"GET /api/devices/2/current - ::1","service":"snmp-dashboard","timestamp":"2025-08-09T11:35:52.248Z"}
{"level":"info","message":"GET /api/devices/2/current - ::1","service":"snmp-dashboard","timestamp":"2025-08-09T11:35:52.259Z"}
{"level":"info","message":"GET /api/devices/2/history - ::1","service":"snmp-dashboard","timestamp":"2025-08-09T11:35:52.506Z"}
{"level":"info","message":"GET /api/devices/2/history - ::1","service":"snmp-dashboard","timestamp":"2025-08-09T11:35:52.535Z"}
{"level":"info","message":"GET /api/devices/2/current - ::1","service":"snmp-dashboard","timestamp":"2025-08-09T11:35:56.853Z"}
{"level":"info","message":"GET /api/devices/2/current - ::1","service":"snmp-dashboard","timestamp":"2025-08-09T11:35:58.202Z"}
{"level":"info","message":"GET /api/devices/2/current - ::1","service":"snmp-dashboard","timestamp":"2025-08-09T11:36:12.290Z"}
{"level":"info","message":"GET /api/devices/2/current - ::1","service":"snmp-dashboard","timestamp":"2025-08-09T11:36:13.682Z"}
{"level":"info","message":"GET /api/devices/2/current - ::1","service":"snmp-dashboard","timestamp":"2025-08-09T11:36:13.893Z"}
{"level":"info","message":"GET /api/devices/2/current - ::1","service":"snmp-dashboard","timestamp":"2025-08-09T11:36:14.037Z"}
{"level":"info","message":"GET /api/devices/2/current - ::1","service":"snmp-dashboard","timestamp":"2025-08-09T11:36:14.197Z"}
{"level":"info","message":"GET /api/devices/2/current - ::1","service":"snmp-dashboard","timestamp":"2025-08-09T11:36:14.361Z"}
{"level":"info","message":"GET /api/devices - ::1","service":"snmp-dashboard","timestamp":"2025-08-09T11:36:16.795Z"}
{"level":"info","message":"GET /api/devices - ::1","service":"snmp-dashboard","timestamp":"2025-08-09T11:36:16.801Z"}
{"level":"info","message":"GET /api/devices/2/current - ::1","service":"snmp-dashboard","timestamp":"2025-08-09T11:36:16.832Z"}
{"level":"info","message":"GET /api/devices/2/current - ::1","service":"snmp-dashboard","timestamp":"2025-08-09T11:36:16.844Z"}
{"level":"info","message":"GET /api/devices/2/history - ::1","service":"snmp-dashboard","timestamp":"2025-08-09T11:36:17.142Z"}
{"level":"info","message":"GET /api/devices/2/history - ::1","service":"snmp-dashboard","timestamp":"2025-08-09T11:36:17.144Z"}
{"level":"info","message":"GET /api/devices/2/current - ::1","service":"snmp-dashboard","timestamp":"2025-08-09T11:36:46.835Z"}
{"level":"info","message":"GET /api/devices - ::1","service":"snmp-dashboard","timestamp":"2025-08-09T11:37:07.165Z"}
{"level":"info","message":"GET /api/devices - ::1","service":"snmp-dashboard","timestamp":"2025-08-09T11:37:07.168Z"}
{"level":"info","message":"GET /api/devices/2/history - ::1","service":"snmp-dashboard","timestamp":"2025-08-09T11:37:07.189Z"}
{"level":"info","message":"GET /api/devices - ::1","service":"snmp-dashboard","timestamp":"2025-08-09T11:37:09.656Z"}
{"level":"info","message":"GET /api/devices - ::1","service":"snmp-dashboard","timestamp":"2025-08-09T11:37:09.669Z"}
{"level":"info","message":"GET /api/devices/2/current - ::1","service":"snmp-dashboard","timestamp":"2025-08-09T11:37:09.684Z"}
{"level":"info","message":"GET /api/devices/2/current - ::1","service":"snmp-dashboard","timestamp":"2025-08-09T11:37:09.690Z"}
{"level":"info","message":"GET /api/devices/2/history - ::1","service":"snmp-dashboard","timestamp":"2025-08-09T11:37:09.906Z"}
{"level":"info","message":"GET /api/devices/2/history - ::1","service":"snmp-dashboard","timestamp":"2025-08-09T11:37:09.908Z"}
{"level":"info","message":"Received SIGINT, shutting down gracefully","service":"snmp-dashboard","timestamp":"2025-08-09T11:37:26.691Z"}
